
> ignite-recovery@0.0.0 build
> next build

Γû▓ Next.js 16.1.6 (Turbopack)
- Environments: .env.local

  Creating an optimized production build ...
Γ£ô Compiled successfully in 14.9s
  Running TypeScript ...
  Collecting page data using 31 workers ...
node.exe : The default 
export of 
@sanity/image-url has 
been deprecated. Use 
the named export `creat
eImageUrlBuilder` 
instead.
At line:1 char:1
+ & "C:\Program 
Files\nodejs/node.exe" 
"C:\Program 
Files\nodejs/node_mo 
...
+ ~~~~~~~~~~~~~~~~~~~~~
~~~~~~~~~~~~~~~~~~~~~~~
~~~~~~~~~~~~~~~~~~~~~~~
~~
    + CategoryInfo     
         : NotSpecifi  
  ed: (The default e   
 xp...ilder` instea    
d.:String) [], Rem    
oteException
    + FullyQualifiedEr 
   rorId : NativeComm  
  andError
 
  Generating static pages using 31 workers (0/19) ...
The default export of 
@sanity/image-url has 
been deprecated. Use 
the named export `creat
eImageUrlBuilder` 
instead.
  Generating static pages using 31 workers (4/19) 
  Generating static pages using 31 workers (9/19) 
  Generating static pages using 31 workers (14/19) 
The default export of 
@sanity/image-url has 
been deprecated. Use 
the named export `creat
eImageUrlBuilder` 
instead.
Γ£ô Generating static pages using 31 workers (19/19) in 808.5ms
  Finalizing page optimization ...

Route (app)                      Revalidate  Expire
Γöî Γùï /
Γö£ Γùï /_not-found
Γö£ Γùï /about
Γö£ Γùï /court-ordered-treatment
Γö£ Γùï /faq
Γö£ Γùï /insurance
Γö£ Γùï /intake
Γö£ Γùï /providers
Γö£ Γùï /pt-br
Γö£ Γùï /resources
Γö£ Γùï /services
Γö£ ΓùÅ /services/[id]
Γöé Γö£ /services/clinical-services
Γöé Γö£ /services/iop-soap
Γöé Γö£ /services/recovery-coaching
Γöé Γöö [+2 more paths]
Γö£ ╞Æ /studio/[[...index]]
Γö£ Γùï /team                                1m      1y
Γöö Γùï /testimonials


Γùï  (Static)   prerendered as static content
ΓùÅ  (SSG)      prerendered as static HTML (uses generateStaticParams)
╞Æ  (Dynamic)  server-rendered on demand

